
> food-delivery-frontend@1.0.0 build
> next build

  Γû▓ Next.js 14.2.35
  - Environments: .env.local

   Creating an optimized production build ...
node.exe : Failed to compile.
At line:1 char:1
+ & "C:\Program Files\nodejs/node.exe" "C:\Program Files\nodejs/node_mo ...
+ ~~~~~~~~~~~~~~~~~~~~~~~~~~~~~~~~~~~~~~~~~~~~~~~~~~~~~~~~~~~~~~~~~~~~~
    + CategoryInfo          : NotSpecified: (Failed to compile.:String) [], RemoteException
    + FullyQualifiedErrorId : NativeCommandError
 

./src/app/restaurant/[id]/page.tsx
Error: 
  [31mx[0m Expected ',', got ']'
    ,-[[36;1;4mC:\food-delivery-app\frontend\src\app\restaurant\[id]\page.tsx[0m:49:1]
 [2m49[0m |     );
 [2m50[0m |   }
 [2m51[0m | 
 [2m52[0m |   const categories = Array.from(new Set(restaurant.menu.map(item => item.category))];
    : [31;1m                                                                                   ^[0m
 [2m53[0m |   const activeCategory = selectedCategory || categories[0];
 [2m54[0m | 
 [2m55[0m |   const addToCart = (item: any, customizations: string[] = []) => {
    `----

Caused by:
    Syntax Error

Import trace for requested module:
./src/app/restaurant/[id]/page.tsx


> Build failed because of webpack errors
